Release 14.7 - xst P.20131013 (nt)
Copyright (c) 1995-2013 Xilinx, Inc.  All rights reserved.
--> Parameter TMPDIR set to xst/projnav.tmp


Total REAL time to Xst completion: 0.00 secs
Total CPU time to Xst completion: 0.13 secs
 
--> Parameter xsthdpdir set to xst


Total REAL time to Xst completion: 0.00 secs
Total CPU time to Xst completion: 0.13 secs
 
--> Reading design: liczniik.prj

TABLE OF CONTENTS
  1) Synthesis Options Summary
  2) HDL Parsing
  3) HDL Elaboration
  4) HDL Synthesis
       4.1) HDL Synthesis Report
  5) Advanced HDL Synthesis
       5.1) Advanced HDL Synthesis Report
  6) Low Level Synthesis
  7) Partition Report
  8) Design Summary
       8.1) Primitive and Black Box Usage
       8.2) Device utilization summary
       8.3) Partition Resource Summary
       8.4) Timing Report
            8.4.1) Clock Information
            8.4.2) Asynchronous Control Signals Information
            8.4.3) Timing Summary
            8.4.4) Timing Details
            8.4.5) Cross Clock Domains Report


=========================================================================
*                      Synthesis Options Summary                        *
=========================================================================
---- Source Parameters
Input File Name                    : "liczniik.prj"
Ignore Synthesis Constraint File   : NO

---- Target Parameters
Output File Name                   : "liczniik"
Output Format                      : NGC
Target Device                      : xa6slx4-3-csg225

---- Source Options
Top Module Name                    : liczniik
Automatic FSM Extraction           : YES
FSM Encoding Algorithm             : Auto
Safe Implementation                : No
FSM Style                          : LUT
RAM Extraction                     : Yes
RAM Style                          : Auto
ROM Extraction                     : Yes
Shift Register Extraction          : YES
ROM Style                          : Auto
Resource Sharing                   : YES
Asynchronous To Synchronous        : NO
Shift Register Minimum Size        : 2
Use DSP Block                      : Auto
Automatic Register Balancing       : No

---- Target Options
LUT Combining                      : Auto
Reduce Control Sets                : Auto
Add IO Buffers                     : YES
Global Maximum Fanout              : 100000
Add Generic Clock Buffer(BUFG)     : 16
Register Duplication               : YES
Optimize Instantiated Primitives   : NO
Use Clock Enable                   : Auto
Use Synchronous Set                : Auto
Use Synchronous Reset              : Auto
Pack IO Registers into IOBs        : Auto
Equivalent register Removal        : YES

---- General Options
Optimization Goal                  : Speed
Optimization Effort                : 1
Power Reduction                    : NO
Keep Hierarchy                     : No
Netlist Hierarchy                  : As_Optimized
RTL Output                         : Yes
Global Optimization                : AllClockNets
Read Cores                         : YES
Write Timing Constraints           : NO
Cross Clock Analysis               : NO
Hierarchy Separator                : /
Bus Delimiter                      : <>
Case Specifier                     : Maintain
Slice Utilization Ratio            : 100
BRAM Utilization Ratio             : 100
DSP48 Utilization Ratio            : 100
Auto BRAM Packing                  : NO
Slice Utilization Ratio Delta      : 5

=========================================================================


=========================================================================
*                          HDL Parsing                                  *
=========================================================================
Parsing VHDL file "C:\Users\lab\Desktop\Lab3\liczniik.vhf" into library work
Parsing entity <FJKCE_HXILINX_liczniik>.
Parsing architecture <Behavioral> of entity <fjkce_hxilinx_liczniik>.
Parsing entity <liczniik>.
Parsing architecture <BEHAVIORAL> of entity <liczniik>.

=========================================================================
*                            HDL Elaboration                            *
=========================================================================

Elaborating entity <liczniik> (architecture <BEHAVIORAL>) from library <work>.

Elaborating entity <FJKCE_HXILINX_liczniik> (architecture <Behavioral>) with generics from library <work>.

=========================================================================
*                           HDL Synthesis                               *
=========================================================================

Synthesizing Unit <liczniik>.
    Related source file is "C:\Users\lab\Desktop\Lab3\liczniik.vhf".
    Set property "HU_SET = XLXI_1_0" for instance <XLXI_1>.
    Set property "HU_SET = XLXI_2_1" for instance <XLXI_2>.
    Set property "HU_SET = XLXI_3_2" for instance <XLXI_3>.
    Summary:
	no macro.
Unit <liczniik> synthesized.

Synthesizing Unit <FJKCE_HXILINX_liczniik>.
    Related source file is "C:\Users\lab\Desktop\Lab3\liczniik.vhf".
        INIT = '0'
    Found 1-bit register for signal <q_tmp>.
    Summary:
	inferred   1 D-type flip-flop(s).
	inferred   2 Multiplexer(s).
Unit <FJKCE_HXILINX_liczniik> synthesized.

=========================================================================
HDL Synthesis Report

Macro Statistics
# Registers                                            : 3
 1-bit register                                        : 3
# Multiplexers                                         : 6
 1-bit 2-to-1 multiplexer                              : 6

=========================================================================

=========================================================================
*                       Advanced HDL Synthesis                          *
=========================================================================


=========================================================================
Advanced HDL Synthesis Report

Macro Statistics
# Registers                                            : 3
 Flip-Flops                                            : 3
# Multiplexers                                         : 6
 1-bit 2-to-1 multiplexer                              : 6

=========================================================================

=========================================================================
*                         Low Level Synthesis                           *
=========================================================================

Optimizing unit <liczniik> ...

Optimizing unit <FJKCE_HXILINX_liczniik> ...

Mapping all equations...
Building and optimizing final netlist ...
Found area constraint ratio of 100 (+ 5) on block liczniik, actual ratio is 0.

Final Macro Processing ...

=========================================================================
Final Register Report

Macro Statistics
# Registers                                            : 3
 Flip-Flops                                            : 3

=========================================================================

=========================================================================
*                           Partition Report                            *
=========================================================================

Partition Implementation Status
-------------------------------

  No Partitions were found in this design.

-------------------------------

=========================================================================
*                            Design Summary                             *
=========================================================================

Top Level Output File Name         : liczniik.ngc

Primitive and Black Box Usage:
------------------------------
# BELS                             : 13
#      AND2                        : 2
#      AND2B1                      : 2
#      AND2B2                      : 1
#      INV                         : 1
#      LUT3                        : 4
#      LUT4                        : 1
#      OR2                         : 2
# FlipFlops/Latches                : 3
#      FDC                         : 1
#      FDCE                        : 2
# Clock Buffers                    : 1
#      BUFGP                       : 1
# IO Buffers                       : 5
#      IBUF                        : 2
#      OBUF                        : 3
# Others                           : 2
#      AND2B1L                     : 2

Device utilization summary:
---------------------------

Selected Device : xa6slx4csg225-3 


Slice Logic Utilization: 
 Number of Slice Registers:               3  out of   4800     0%  
 Number of Slice LUTs:                    6  out of   2400     0%  
    Number used as Logic:                 6  out of   2400     0%  

Slice Logic Distribution: 
 Number of LUT Flip Flop pairs used:      9
   Number with an unused Flip Flop:       6  out of      9    66%  
   Number with an unused LUT:             3  out of      9    33%  
   Number of fully used LUT-FF pairs:     0  out of      9     0%  
   Number of unique control sets:         3

IO Utilization: 
 Number of IOs:                           6
 Number of bonded IOBs:                   6  out of    132     4%  

Specific Feature Utilization:
 Number of BUFG/BUFGCTRLs:                1  out of     16     6%  

---------------------------
Partition Resource Summary:
---------------------------

  No Partitions were found in this design.

---------------------------


=========================================================================
Timing Report

NOTE: THESE TIMING NUMBERS ARE ONLY A SYNTHESIS ESTIMATE.
      FOR ACCURATE TIMING INFORMATION PLEASE REFER TO THE TRACE REPORT
      GENERATED AFTER PLACE-and-ROUTE.

Clock Information:
------------------
-----------------------------------+------------------------+-------+
Clock Signal                       | Clock buffer(FF name)  | Load  |
-----------------------------------+------------------------+-------+
zegarek                            | BUFGP                  | 3     |
-----------------------------------+------------------------+-------+

Asynchronous Control Signals Information:
----------------------------------------
No asynchronous control signals found in this design

Timing Summary:
---------------
Speed Grade: -3

   Minimum period: 3.792ns (Maximum Frequency: 263.682MHz)
   Minimum input arrival time before clock: 3.207ns
   Maximum output required time after clock: 3.762ns
   Maximum combinational path delay: No path found

Timing Details:
---------------
All values displayed in nanoseconds (ns)

=========================================================================
Timing constraint: Default period analysis for Clock 'zegarek'
  Clock period: 3.792ns (frequency: 263.682MHz)
  Total number of paths / destination ports: 21 / 5
-------------------------------------------------------------------------
Delay:               3.792ns (Levels of Logic = 4)
  Source:            XLXI_2/q_tmp (FF)
  Destination:       XLXI_3/q_tmp (FF)
  Source Clock:      zegarek rising
  Destination Clock: zegarek rising

  Data Path: XLXI_2/q_tmp to XLXI_3/q_tmp
                                Gate     Net
    Cell:in->out      fanout   Delay   Delay  Logical Name (Net Name)
    ----------------------------------------  ------------
     FDCE:C->Q             6   0.447   1.109  q_tmp (q_tmp)
     end scope: 'XLXI_2:Q'
     AND2B2:I0->O          1   0.203   0.924  XLXI_8 (XLXN_21)
     OR2:I1->O             1   0.223   0.580  XLXI_12 (XLXN_23)
     begin scope: 'XLXI_3:J'
     LUT4:I3->O            1   0.205   0.000  q_tmp_rstpot (q_tmp_rstpot)
     FDC:D                     0.102          q_tmp
    ----------------------------------------
    Total                      3.792ns (1.180ns logic, 2.612ns route)
                                       (31.1% logic, 68.9% route)

=========================================================================
Timing constraint: Default OFFSET IN BEFORE for Clock 'zegarek'
  Total number of paths / destination ports: 8 / 6
-------------------------------------------------------------------------
Offset:              3.207ns (Levels of Logic = 3)
  Source:            Ce (PAD)
  Destination:       XLXI_2/q_tmp (FF)
  Destination Clock: zegarek rising

  Data Path: Ce to XLXI_2/q_tmp
                                Gate     Net
    Cell:in->out      fanout   Delay   Delay  Logical Name (Net Name)
    ----------------------------------------  ------------
     IBUF:I->O             3   1.222   0.879  Ce_IBUF (Ce_IBUF)
     begin scope: 'XLXI_2:CE'
     LUT3:I0->O            1   0.205   0.579  _n0013_inv1 (_n0013_inv)
     FDCE:CE                   0.322          q_tmp
    ----------------------------------------
    Total                      3.207ns (1.749ns logic, 1.458ns route)
                                       (54.5% logic, 45.5% route)

=========================================================================
Timing constraint: Default OFFSET OUT AFTER for Clock 'zegarek'
  Total number of paths / destination ports: 7 / 7
-------------------------------------------------------------------------
Offset:              3.762ns (Levels of Logic = 2)
  Source:            XLXI_2/q_tmp (FF)
  Destination:       q2 (PAD)
  Source Clock:      zegarek rising

  Data Path: XLXI_2/q_tmp to q2
                                Gate     Net
    Cell:in->out      fanout   Delay   Delay  Logical Name (Net Name)
    ----------------------------------------  ------------
     FDCE:C->Q             6   0.447   0.744  q_tmp (q_tmp)
     end scope: 'XLXI_2:Q'
     OBUF:I->O                 2.571          q2_OBUF (q2)
    ----------------------------------------
    Total                      3.762ns (3.018ns logic, 0.744ns route)
                                       (80.2% logic, 19.8% route)

=========================================================================

Cross Clock Domains Report:
--------------------------

Clock to Setup on destination clock zegarek
---------------+---------+---------+---------+---------+
               | Src:Rise| Src:Fall| Src:Rise| Src:Fall|
Source Clock   |Dest:Rise|Dest:Rise|Dest:Fall|Dest:Fall|
---------------+---------+---------+---------+---------+
zegarek        |    3.792|         |         |         |
---------------+---------+---------+---------+---------+

=========================================================================


Total REAL time to Xst completion: 5.00 secs
Total CPU time to Xst completion: 5.52 secs
 
--> 

Total memory usage is 195304 kilobytes

Number of errors   :    0 (   0 filtered)
Number of warnings :    0 (   0 filtered)
Number of infos    :    0 (   0 filtered)

