AR or6_mxilinx_mooreschema behavioral "C:/Users/lab/Lab- Kamyszek-Szykulska/Lab4/Moore/mooreSchema.vhf" sub00/vhpl01 1541581050
AR mooreschema behavioral "C:/Users/lab/Lab- Kamyszek-Szykulska/Lab4/Moore/mooreSchema.vhf" sub00/vhpl03 1541581052
EN or6_mxilinx_mooreschema NULL "C:/Users/lab/Lab- Kamyszek-Szykulska/Lab4/Moore/mooreSchema.vhf" sub00/vhpl00 1541581049
EN mooreschema NULL "C:/Users/lab/Lab- Kamyszek-Szykulska/Lab4/Moore/mooreSchema.vhf" sub00/vhpl02 1541581051
