EN detektorsekwencji NULL "C:/Users/lab/Lab- Kamyszek-Szykulska/Lab5/detektor/DetektorSekwencji.vhd" sub00/vhpl00 1542789989
AR detektorsekwencji behavioral "C:/Users/lab/Lab- Kamyszek-Szykulska/Lab5/detektor/DetektorSekwencji.vhd" sub00/vhpl01 1542789990
EN detektorschemat NULL "C:/Users/lab/Lab- Kamyszek-Szykulska/Lab5/detektor/DetektorSchemat.vhf" sub00/vhpl02 1542789991
AR detektorschemat behavioral "C:/Users/lab/Lab- Kamyszek-Szykulska/Lab5/detektor/DetektorSchemat.vhf" sub00/vhpl03 1542789992
