AR fjkce_hxilinx_liczniik behavioral "C:/Users/lab/Desktop/Lab3- zajecia/liczniik.vhf" sub00/vhpl01 1540367604
EN liczniik NULL "C:/Users/lab/Desktop/Lab3- zajecia/liczniik.vhf" sub00/vhpl02 1540371725
AR liczniik behavioral "C:/Users/lab/Desktop/Lab3- zajecia/liczniik.vhf" sub00/vhpl03 1540371726
EN fjkce_mxilinx_liczniik NULL "C:/Users/lab/Desktop/Lab3- zajecia/liczniik.vhf" sub00/vhpl04 1540371723
AR fjkce_mxilinx_liczniik behavioral "C:/Users/lab/Desktop/Lab3- zajecia/liczniik.vhf" sub00/vhpl05 1540371724
EN fjkce_hxilinx_liczniik NULL "C:/Users/lab/Desktop/Lab3- zajecia/liczniik.vhf" sub00/vhpl00 1540367603
